// Vitest Snapshot v1, https://vitest.dev/guide/snapshot.html

exports[`HomePage > matches snapshot. 1`] = `
<DocumentFragment>
  <main
    class="HomePage"
  >
    <div
      class="HomePage-backdrop"
    >
      <h1
        class="HomePage-title"
      >
        Resume Manager
      </h1>
      <p
        class="HomePage-description"
      >
        Store all of your information in one resume and create tailored resumes from it that automatically update themselves.
      </p>
      <div
        class="HomePage-buttons"
      >
        <a
          data-discover="true"
          href="/register"
        >
          <button
            class="btn btn-primary"
          >
            Register
          </button>
        </a>
        <a
          data-discover="true"
          href="/signin"
        >
          <button
            class="btn btn-primary"
          >
            Sign In
          </button>
        </a>
      </div>
    </div>
  </main>
</DocumentFragment>
`;
