// Vitest Snapshot v1, https://vitest.dev/guide/snapshot.html

exports[`Register > matches snapshot. 1`] = `
<DocumentFragment>
  <main
    class="Register"
  >
    <div
      class="Register__card card"
    >
      <div
        class="card-body"
      >
        <h2
          class="card-title"
        >
          Register
        </h2>
        <form
          class="Register__form"
        >
          <div
            class="text-start mb-3"
          >
            <label
              class="form-label"
              for="Register__input-username"
            >
              <b>
                Username
              </b>
            </label>
            <input
              class="form-control"
              id="Register__input-username"
              name="username"
              required=""
              type="text"
              value=""
            />
          </div>
          <div
            class="text-start mb-3"
          >
            <label
              class="form-label"
              for="Register__input-password"
            >
              <b>
                Password
              </b>
            </label>
            <input
              class="form-control"
              id="Register__input-password"
              name="password"
              required=""
              type="password"
              value=""
            />
          </div>
          <div
            class="text-start mb-3"
          >
            <label
              class="form-label"
              for="Register__input-repeated-password"
            >
              <b>
                Repeat Password
              </b>
            </label>
            <input
              class="form-control"
              id="Register__input-repeated-password"
              name="repeatedPassword"
              required=""
              type="password"
              value=""
            />
          </div>
          <button
            class="btn btn-primary"
            type="submit"
          >
            Submit
          </button>
          <button
            class="btn btn-primary"
            type="button"
          >
            Cancel
          </button>
        </form>
      </div>
    </div>
  </main>
</DocumentFragment>
`;
